// Jest Snapshot v1, https://goo.gl/fbAQLP

exports[`pruebas en HomeScreen Debe de mostrarse correctamente 1`] = `
<div>
  <h1>
    Home Screen
  </h1>
  <pre
    className="container"
  />
</div>
`;
