// Jest Snapshot v1, https://goo.gl/fbAQLP

exports[`Pruebas en el archivo HookApp  Debe de retornet un componente 1`] = `
<div>
  <h1>
    Hola mundo
  </h1>
</div>
`;
